.next/types/app/chat/page.ts(2,24): error TS2307: Cannot find module '../../../../src/app/chat/page.js' or its corresponding type declarations.
.next/types/app/chat/page.ts(5,29): error TS2307: Cannot find module '../../../../src/app/chat/page.js' or its corresponding type declarations.
.next/types/app/dashboard/page.ts(2,24): error TS2307: Cannot find module '../../../../src/app/dashboard/page.js' or its corresponding type declarations.
.next/types/app/dashboard/page.ts(5,29): error TS2307: Cannot find module '../../../../src/app/dashboard/page.js' or its corresponding type declarations.
.next/types/app/subscriptions/page.ts(2,24): error TS2307: Cannot find module '../../../../src/app/subscriptions/page.js' or its corresponding type declarations.
.next/types/app/subscriptions/page.ts(5,29): error TS2307: Cannot find module '../../../../src/app/subscriptions/page.js' or its corresponding type declarations.
src/app/reset-password/page.tsx(109,21): error TS2554: Expected 3 arguments, but got 2.
src/components/chat/ChatInterface.tsx(7,27): error TS2305: Module '"@/types"' has no exported member 'ChatSession'.
src/components/chat/ChatInterface.tsx(170,47): error TS2322: Type '{ id: string; createdAt: string; question: string; answer: string; tokens: number; } | { id: string; createdAt: string; userId: string; question: string; answer: string; tokens: number; }' is not assignable to type '{ id: string; createdAt: string; userId: string; question: string; answer: string; tokens: number; }'.
  Property 'userId' is missing in type '{ id: string; createdAt: string; question: string; answer: string; tokens: number; }' but required in type '{ id: string; createdAt: string; userId: string; question: string; answer: string; tokens: number; }'.
src/components/layout/Navbar.tsx(34,32): error TS2345: Argument of type 'string | null | undefined' is not assignable to parameter of type 'string | undefined'.
  Type 'null' is not assignable to type 'string | undefined'.
src/hooks/useSubscriptions.ts(4,3): error TS2305: Module '"../lib/api/subscriptions"' has no exported member 'SubscriptionBundle'.
src/hooks/useSubscriptions.ts(5,3): error TS2305: Module '"../lib/api/subscriptions"' has no exported member 'CreateSubscription'.
src/hooks/useSubscriptions.ts(34,53): error TS2339: Property 'create' does not exist on type '{ getPlans: () => Promise<Plan[]>; createCheckoutWithPlan: (planId: string) => Promise<any>; createCheckout: (tier: "basic" | "pro" | "enterprise", billingCycle?: "monthly" | "yearly") => Promise<...>; getAll: () => Promise<...>; getActive: () => Promise<...>; cancel: (subscriptionId: string) => Promise<...>; }'.
src/store/features/auth/authSlice.ts(2,33): error TS2305: Module '"@/lib/api/auth"' has no exported member 'LoginCredentials'.
src/store/features/auth/authSlice.ts(2,51): error TS2724: '"@/lib/api/auth"' has no exported member named 'RegisterData'. Did you mean 'Register'?
src/types/index.ts(11,3): error TS2305: Module '"../lib/api/subscriptions"' has no exported member 'CreateSubscription'.
src/types/index.ts(12,3): error TS2305: Module '"../lib/api/subscriptions"' has no exported member 'SubscriptionBundle'.
